
          -------------------------------------------------------
          Amber 22 PMEMD                              2022
          -------------------------------------------------------

| PMEMD implementation of SANDER, Release 22

|  Compiled date/time: Thu Apr 14 23:06:37 2022
| Run on 09/25/2025 at 12:03:47

|   Executable path: /usr/local/amber22/bin/pmemd.cuda
| Working directory: /home/zuh/Working/FMDV
|          Hostname: Unknown
  [-O]verwriting output

File Assignments:
|   MDIN: min.in                                                                
|  MDOUT: min.out                                                               
| INPCRD: comp_solvated.inpcrd                                                  
|   PARM: comp_solvated.prmtop                                                  
| RESTRT: min.rst                                                               
|   REFC: comp_solvated.inpcrd                                                  
|  MDVEL: mdvel                                                                 
|   MDEN: mden                                                                  
|  MDCRD: mdcrd                                                                 
| MDINFO: mdinfo                                                                
|  MDFRC: mdfrc                                                                 


 Here is the input file:

minimise ras-raf                                                               
 &cntrl                                                                        
  imin=1,maxcyc=1000,ncyc=500,                                                 
  cut=8.0,ntb=1,                                                               
  ntc=2,ntf=2,                                                                 
  ntpr=100,                                                                    
  ntr=1, restraintmask=':1-242',                                               
  restraint_wt=2.0                                                             
 /                                                                             
                                                                               


Note: ig = -1. Setting random seed to   757889 based on wallclock time in 
      microseconds.
| irandom = 1, using AMBER's internal random number generator (default).
 
|--------------------- INFORMATION ----------------------
| GPU (CUDA) Version of PMEMD in use: NVIDIA GPU IN USE.
|                    Version 18.0.0
| 
|                      03/25/2018
| 
| Implementation by:
|                    Ross C. Walker     (SDSC)
|                    Scott Le Grand     (nVIDIA)
| 
| Version 18 performance extensions by:
|                    David Cerutti     (Rutgers)
| 
| Precision model in use:
|      [SPFP] - Single Precision Forces, 64-bit Fixed Point
|               Accumulation. (Default)
| 
|--------------------------------------------------------
 
|----------------- CITATION INFORMATION -----------------
|
|    When publishing work that utilized the CUDA version
|    of AMBER, please cite the following in addition to
|    the regular AMBER citations:
|
|  - Romelia Salomon-Ferrer; Andreas W. Goetz; Duncan
|    Poole; Scott Le Grand; Ross C. Walker "Routine
|    microsecond molecular dynamics simulations with
|    AMBER - Part II: Particle Mesh Ewald", J. Chem.
|    Theory Comput., 2013, 9 (9), pp3878-3888,
|    DOI: 10.1021/ct400314y.
|
|  - Andreas W. Goetz; Mark J. Williamson; Dong Xu;
|    Duncan Poole; Scott Le Grand; Ross C. Walker
|    "Routine microsecond molecular dynamics simulations
|    with AMBER - Part I: Generalized Born", J. Chem.
|    Theory Comput., 2012, 8 (5), pp1542-1555.
|
|  - Scott Le Grand; Andreas W. Goetz; Ross C. Walker
|    "SPFP: Speed without compromise - a mixed precision
|    model for GPU accelerated molecular dynamics
|    simulations.", Comp. Phys. Comm., 2013, 184
|    pp374-380, DOI: 10.1016/j.cpc.2012.09.022
|
|--------------------------------------------------------
 
|------------------- GPU DEVICE INFO --------------------
|
|            CUDA_VISIBLE_DEVICES: not set
|   CUDA Capable Devices Detected:      1
|           CUDA Device ID in use:      0
|                CUDA Device Name: NVIDIA GeForce RTX 3060
|     CUDA Device Global Mem Size:  12036 MB
| CUDA Device Num Multiprocessors:     28
|           CUDA Device Core Freq:   1.81 GHz
|
|--------------------------------------------------------
 
 
| Conditional Compilation Defines Used:
| PUBFFT
| BINTRAJ
| CUDA
| EMIL

| Largest sphere to fit in unit cell has radius =    64.826

| New format PARM file being parsed.
| Version =    1.000 Date = 09/25/25 Time = 11:56:57

| Note: 1-4 EEL scale factors are being read from the topology file.

| Note: 1-4 VDW scale factors are being read from the topology file.
| Duplicated    0 dihedrals

| Duplicated    0 dihedrals

--------------------------------------------------------------------------------
   1.  RESOURCE   USE: 
--------------------------------------------------------------------------------

 getting new box info from bottom of inpcrd
 NATOM  =  213836 NTYPES =      16 NBONH =  206299 MBONA  =    7717
 NTHETH =   16411 MTHETA =   10511 NPHIH =   32884 MPHIA  =   20254
 NHPARM =       0 NPARM  =       0 NNB   =  346805 NRES   =   67318
 NBONA  =    7717 NTHETA =   10511 NPHIA =   20254 NUMBND =      44
 NUMANG =      90 NPTRA  =      41 NATYP =      31 NPHB   =       0
 IFBOX  =       1 NMXRS  =      25 IFCAP =       0 NEXTRA =       0
 NCOPY  =       0

| Coordinate Index Table dimensions:    32   28   29
| Direct force subcell size =     4.5014    4.6304    4.5604

     BOX TYPE: RECTILINEAR

--------------------------------------------------------------------------------
   2.  CONTROL  DATA  FOR  THE  RUN
--------------------------------------------------------------------------------

default_name                                                                    

General flags:
     imin    =       1, nmropt  =       0

Nature and format of input:
     ntx     =       1, irest   =       0, ntrx    =       1

Nature and format of output:
     ntxo    =       2, ntpr    =     100, ntrx    =       1, ntwr    =       1
     iwrap   =       0, ntwx    =       0, ntwv    =       0, ntwe    =       0
     ioutfm  =       1, ntwprt  =       0, idecomp =       0, rbornstat=      0

Potential function:
     ntf     =       2, ntb     =       1, igb     =       0, nsnb    =      25
     ipol    =       0, gbsa    =       0, iesp    =       0
     dielc   =   1.00000, cut     =   8.00000, intdiel =   1.00000

Frozen or restrained atoms:
     ibelly  =       0, ntr     =       1
     restraint_wt =   2.00000

Energy minimization:
     maxcyc  =    1000, ncyc    =     500, ntmin   =       1
     dx0     =   0.01000, drms    =   0.00010

SHAKE:
     ntc     =       2, jfastw  =       0
     tol     =   0.00001

| Intermolecular bonds treatment:
|     no_intermolecular_bonds =       1

| Energy averages sample interval:
|     ene_avg_sampling =       1

Ewald parameters:
     verbose =       0, ew_type =       0, nbflag  =       1, use_pme =       1
     vdwmeth =       1, eedmeth =       1, netfrc  =       0
     Box X =  144.044   Box Y =  129.651   Box Z =  132.250
     Alpha =   90.000   Beta  =   90.000   Gamma =   90.000
     NFFT1 =  160       NFFT2 =  128       NFFT3 =  128
     Cutoff=    8.000   Tol   =0.100E-04
     Ewald Coefficient =  0.34864
     Interpolation order =    4

    LOADING THE CONSTRAINED ATOMS AS GROUPS


   5.  REFERENCE ATOM COORDINATES

  default_name                                                                    
     Mask :1-242; matches  3805 atoms

--------------------------------------------------------------------------------
   3.  ATOMIC COORDINATES AND VELOCITIES
--------------------------------------------------------------------------------

default_name                                                                    
 begin time read from input coords =     0.000 ps

 
 Number of triangulated 3-point waters found:    66347

     Sum of charges from parm topology file =  -0.00000046
     Forcing neutrality...

| Dynamic Memory, Types Used:
| Reals             5691422
| Integers          7482010

| Nonbonded Pairs Initial Allocation:    35715957

| GPU memory information (estimate):
| KB of GPU memory in use:    602959
| KB of CPU memory in use:    306607

--------------------------------------------------------------------------------
   4.  RESULTS
--------------------------------------------------------------------------------



   NSTEP       ENERGY          RMS            GMAX         NAME    NUMBER
      1      -8.5894E+09     1.1063E+02     2.1856E+04     OD2      3095

 BOND    =     1543.6647  ANGLE   =     4358.1021  DIHED      =     8689.0684
 VDWAALS = *************  EEL     =  -734315.4255  HBOND      =        0.0000
 1-4 VDW =     4635.5926  1-4 EEL =    37093.3226  RESTRAINT  =        0.0003
 EAMBER  = *************


   NSTEP       ENERGY          RMS            GMAX         NAME    NUMBER
    100      -6.3663E+05     1.4339E+01     7.4355E+01     HE1      3042

 BOND    =      394.1545  ANGLE   =     2859.0504  DIHED      =     8715.3057
 VDWAALS =    42304.9305  EEL     =  -731020.8232  HBOND      =        0.0000
 1-4 VDW =     3861.0366  1-4 EEL =    36233.3191  RESTRAINT  =       25.7477
 EAMBER  =  -636653.0264


   NSTEP       ENERGY          RMS            GMAX         NAME    NUMBER
    200      -6.3663E+05     1.4339E+01     7.4356E+01     HE1      3042

 BOND    =      394.1544  ANGLE   =     2859.0493  DIHED      =     8715.3058
 VDWAALS =    42304.8874  EEL     =  -731020.7354  HBOND      =        0.0000
 1-4 VDW =     3861.0356  1-4 EEL =    36233.3175  RESTRAINT  =       25.7477
 EAMBER  =  -636652.9855


   NSTEP       ENERGY          RMS            GMAX         NAME    NUMBER
    300      -6.3663E+05     1.4339E+01     7.4355E+01     HE1      3042

 BOND    =      394.1544  ANGLE   =     2859.0481  DIHED      =     8715.3061
 VDWAALS =    42304.8416  EEL     =  -731020.6445  HBOND      =        0.0000
 1-4 VDW =     3861.0347  1-4 EEL =    36233.3156  RESTRAINT  =       25.7478
 EAMBER  =  -636652.9442


   NSTEP       ENERGY          RMS            GMAX         NAME    NUMBER
    400      -6.3663E+05     1.4339E+01     7.4355E+01     HE1      3042

 BOND    =      394.1543  ANGLE   =     2859.0467  DIHED      =     8715.3062
 VDWAALS =    42304.7965  EEL     =  -731020.5546  HBOND      =        0.0000
 1-4 VDW =     3861.0335  1-4 EEL =    36233.3132  RESTRAINT  =       25.7478
 EAMBER  =  -636652.9042


   NSTEP       ENERGY          RMS            GMAX         NAME    NUMBER
    500      -6.3663E+05     1.4339E+01     7.4356E+01     HE1      3042

 BOND    =      394.1542  ANGLE   =     2859.0456  DIHED      =     8715.3064
 VDWAALS =    42304.7599  EEL     =  -731020.4650  HBOND      =        0.0000
 1-4 VDW =     3861.0326  1-4 EEL =    36233.3115  RESTRAINT  =       25.7479
 EAMBER  =  -636652.8548

     .... RESTARTED DUE TO LINMIN FAILURE ...

     .... RESTARTED DUE TO LINMIN FAILURE ...

     .... RESTARTED DUE TO LINMIN FAILURE ...


   NSTEP       ENERGY          RMS            GMAX         NAME    NUMBER
    600      -6.3663E+05     1.4339E+01     7.4355E+01     HE1      3042

 BOND    =      394.1542  ANGLE   =     2859.0453  DIHED      =     8715.3065
 VDWAALS =    42304.7498  EEL     =  -731020.4411  HBOND      =        0.0000
 1-4 VDW =     3861.0323  1-4 EEL =    36233.3109  RESTRAINT  =       25.7479
 EAMBER  =  -636652.8421

     .... RESTARTED DUE TO LINMIN FAILURE ...

     .... RESTARTED DUE TO LINMIN FAILURE ...


                    FINAL RESULTS



   NSTEP       ENERGY          RMS            GMAX         NAME    NUMBER
    667      -6.3663E+05     1.4339E+01     7.4355E+01     HE1      3042

 BOND    =      394.1542  ANGLE   =     2859.0451  DIHED      =     8715.3064
 VDWAALS =    42304.7437  EEL     =  -731020.4302  HBOND      =        0.0000
 1-4 VDW =     3861.0322  1-4 EEL =    36233.3108  RESTRAINT  =       25.7479
 EAMBER  =  -636652.8378

     ***** REPEATED LINMIN FAILURE *****
--------------------------------------------------------------------------------
   5.  TIMINGS
--------------------------------------------------------------------------------

|  NonSetup CPU Time in Major Routines:
|
|     Routine           Sec        %
|     ------------------------------
|     Nonbond           1.77   11.50
|     Bond              0.00    0.00
|     Angle             0.00    0.00
|     Dihedral          0.00    0.00
|     Shake             5.38   34.90
|     Other             8.26   53.60
|     ------------------------------
|     Total            15.41

|  PME Nonbond Pairlist CPU Time:
|
|     Routine              Sec        %
|     ---------------------------------
|     Set Up Cit           0.00    0.00
|     Build List           0.00    0.00
|     ---------------------------------
|     Total                0.00    0.00

|  PME Direct Force CPU Time:
|
|     Routine              Sec        %
|     ---------------------------------
|     NonBonded Calc       0.00    0.00
|     Exclude Masked       0.00    0.00
|     Other                0.01    0.05
|     ---------------------------------
|     Total                0.01    0.05

|  PME Reciprocal Force CPU Time:
|
|     Routine              Sec        %
|     ---------------------------------
|     1D bspline           0.00    0.00
|     Grid Charges         0.00    0.00
|     Scalar Sum           0.00    0.00
|     Gradient Sum         0.00    0.00
|     FFT                  0.00    0.00
|     ---------------------------------
|     Total                0.00    0.00

|  Setup CPU time:            2.02 seconds
|  NonSetup CPU time:        15.41 seconds
|  Total CPU time:           17.43 seconds     0.00 hours

|  Setup wall time:           3    seconds
|  NonSetup wall time:       15    seconds
|  Total wall time:          18    seconds     0.01 hours
